** Message: pygobject_register_sinkfunc is deprecated (HippoCanvasBox)
Traceback (most recent call last):
  File "/usr/bin/sugar-activity", line 160, in <module>
    main()
  File "/usr/bin/sugar-activity", line 118, in main
    module = __import__(module_name)
  File "/home/olpc/Activities/OpenVideoChat.activity/ovc.py", line 29, in <module>
    from gi.repository import GObject
  File "/usr/lib/python2.7/site-packages/gi/__init__.py", line 27, in <module>
    from ._gi import _API, Repository
ImportError: could not import gobject (error was: ImportError('When using gi.repository you must not import static modules like "gobject". Please change all occurrences of "import gobject" to "from gi.repository import GObject".',))
